00000001 a dlm
00000044 a dll
00000144 a dl
bfc00000 T _ftext
bfc00000 T __start
bfc0000c t reset
bfc000bc t cache_start
bfc000cc t core1_sleep
bfc00118 t core1_ready
bfc00130 t core1_loop
bfc00160 t core1_go
bfc002cc t lab_600MH
bfc00300 t lab_800MHZ
bfc00338 t lab_1G
bfc00368 t lab_end_cpu
bfc00414 t lab_start_c
bfc0048c t flash2ram
bfc004e0 t flush_cache_r
bfc00568 t init_L2_cache
bfc005d0 t lab_disSC
bfc005f0 t SC_EXIT
bfc00600 t uart_show
bfc006c0 t SPI_show
bfc00754 t boot_msg
bfc00763 t SPI_done_msg
bfc0078a t SPI_msg
bfc00790 T uart_outc
bfc007fc T uart_inc
bfc00850 T kbhit
bfc008c0 T Check_UartRxDataRdy
bfc008f4 T Get_UartData
bfc0090c T Get_UartData_timeout
bfc00990 T vsprintf
bfc00eb0 T printf
bfc00ef8 T ShowRxDelayMap
bfc016d8 T ShowTxRxDelayMap
bfc01c2c T uart_rx8b_val
bfc01cf0 T uart_rx4b_val
bfc01d80 T xmodem_receive
bfc02190 T _DTR_suggestion
bfc0292c T memctlc_DDR2_config_DTR
bfc02c78 T memctlc_DDR3_config_DTR
bfc03130 T memctlc_config_DTR
bfc03170 T memctlc_check_ZQ
bfc031a0 T _get_DRAM_csnum
bfc031d0 T memctlc_dram_size
bfc03288 T memctlc_is_DDR
bfc032bc T memctlc_is_DDR3
bfc032f4 T memctlc_is_DDR2
bfc0332c T _DTR_refresh_freq_mhz
bfc034b0 T _DTR_wtr_frq_mhz
bfc03518 T _DTR_rtp_frq_mhz
bfc03584 T _DTR_rp_frq_mhz
bfc035e8 T _DTR_rrd_frq_mhz
bfc03650 T _DTR_fawg_frq_mhz
bfc036b4 T _DTR_rcd_frq_mhz
bfc03720 T _DTR_ras_frq_mhz
bfc03790 T _DTR_rfc_frq_mhz
bfc037f4 T _DTR_wr_frq_mhz
bfc03860 T _DTR_DDR3_MRS_setting
bfc03d7c T _DTR_DDR2_MRS_setting
bfc03fb8 T _DTR_DDR1_MRS_setting
bfc04120 T _DTR_wr
bfc04154 T _DTR_rrd
bfc04184 T _DTR_rtp
bfc041b8 T _DTR_wtr
bfc041e8 T _DTR_cwl
bfc0421c T _DTR_two_cas
bfc04264 T _DCR_get_buswidth
bfc042e8 T _DCR_get_chipsel
bfc0432c T _DCR_get_rowcnt
bfc04364 T _DCR_get_colcnt
bfc043b8 T _DCR_get_bankcnt
bfc04438 T memctlc_check_DQS_range
bfc04588 T memctlc_check_90phase_range
bfc0465c T memctlc_check_DCR
bfc046f8 T memctlc_check_DTR_DDR3
bfc051b4 T memctlc_check_DTR_DDR2
bfc05978 T memctlc_check_DTR
bfc059e8 T chk_dram_cfg
bfc05a34 T _update_phy_param
bfc05af0 T memctlc_hw_auto_calibration
bfc06ca4 T sram_mapping
bfc06d54 T _is_Master_CPU
bfc06d60 T soc_vir_to_phy_addr
bfc06d7c T __memctl_unmapping
bfc06e20 T memctl_unmapping
bfc06ed0 T __sram_unmapping
bfc06f48 T sram_unmapping
bfc06fa0 T __memctl_unmapping_disable
bfc07018 T memctl_unmapping_disable
bfc0706c T memctlc_dram_phy_reset
bfc070b4 T memctlc_ddr2_dll_reset
bfc07274 T _memctl_delay_clkm_cycles
bfc072c8 T memctlc_DDR3_ZQ_long_calibration
bfc07320 T memctlc_ddr3_dll_reset
bfc07658 T memctlc_ZQ_calibration
bfc077c0 T memctlc_set_dqm_delay
bfc079b8 T _set_dmcr
bfc079e8 T memctlc_set_DRAM_buswidth
bfc07bb4 T memctlc_set_DRAM_colnum
bfc07cfc T memctlc_set_DRAM_rownum
bfc07e7c T memctlc_set_DRAM_banknum
bfc07fac T memctlc_set_DRAM_chipnum
bfc08028 T memctl_dram_para_set
bfc08098 T memctlc_dram_size_detect
bfc08798 T DDR_cali_API7
bfc08a34 T DDR_cali_API5
bfc08cb8 T RescueMode
bfc09834 T board_DRAM_freq_mhz
bfc098a0 T rand2
bfc09a10 T Dram_test_onflash
bfc0a320 T RTK_ZQ_K
bfc0a3a8 T _memctl_update_phy_param
bfc0a458 T _memctl_disable_hw_auto_cali
bfc0a4fc T memctlc_DBFM_enalbe
bfc0a52c T memctlc_show_reg_info
bfc0a568 T memctlc_8198C_PI_init
bfc0a798 T start_c
bfc0b540 T m2x_clksel_table
bfc0b600 D ddr2_8bit_size
bfc0b600 D _fdata
bfc0b614 D ddr2_16bit_size
bfc0b628 D DQS_RANGE
bfc0b6c8 D W90_RANGE
bfc0b768 D auto_cali_value_DDR2
bfc0b76c D auto_cali_value_DDR3
bfc0b770 D cali_pattern
bfc0b7d0 D boot_type_tab
bfc0b7f0 D dram_type_tab
bfc0b7f8 d x.5139
bfc0b7fc d y.5140
bfc0b800 d z.5141
bfc0b804 d c.5142
bfc0c000 D __boot_start
bfc15328 D __boot_end
bfc15328 D __bss_end
bfc15328 D __bss_start
bfc15328 D _fbss
